// Jest Snapshot v1, https://goo.gl/fbAQLP

exports[`Button component matches snapshot 1`] = `
<button
  className="tb-button size-48 circle instance-class"
  data-testid="instance-test-id"
  disabled={false}
  role="button"
  type="button"
>
  Click
</button>
`;
